/*
 * This file is part of BombenProdukt.
 *
 * (c) BombenProdukt <hey@bombenprodukt.com>
 *
 * For the full copyright and license information, please view the LICENSE
 * file that was distributed with this source code.
 */
